// Jest Snapshot v1, https://goo.gl/fbAQLP

exports[`SNAPSHOT testing Home... 1`] = `undefined`;

exports[`SNAPSHOT testing Story... 1`] = `undefined`;

exports[`SNAPSHOT testing Variant 1... 1`] = `undefined`;

exports[`SNAPSHOT testing Variant 2... 1`] = `undefined`;
